journalctl -b|grep "Mar 12 20:00:0[12]"
Не смог разобраться, как вывести все записи точно за 1,5 сек.,
так как в логах нет значений меньше секунды,
в итоге решил вывести за последние 2 сек.
вывод нескольких строк:
#
Mar 12 20:00:01 localhost kernel: Linux version 6.8.0-55-generic (buildd@lcy02-amd64-095) (x86_64-linux-gnu-gcc-13 (Ubuntu 13.3.0-6ubuntu2~24.04) 13.3.0, GNU ld (GNU Binutils for Ubuntu) 2.42) #57-Ubuntu SMP PREEMPT_DYNAMIC Wed Feb 12 23:42:21 UTC 2025 (Ubuntu 6.8.0-55.57-generic 6.8.12)
Mar 12 20:00:01 localhost kernel: Command line: BOOT_IMAGE=/vmlinuz-6.8.0-55-generic root=/dev/mapper/ubuntu--vg-ubuntu--lv ro
Mar 12 20:00:01 localhost kernel: KERNEL supported cpus:
Mar 12 20:00:01 localhost kernel:   Intel GenuineIntel
Mar 12 20:00:01 localhost kernel:   AMD AuthenticAMD
Mar 12 20:00:01 localhost kernel:   Hygon HygonGenuine
Mar 12 20:00:01 localhost kernel:   Centaur CentaurHauls
Mar 12 20:00:01 localhost kernel:   zhaoxin   Shanghai
Mar 12 20:00:01 localhost kernel: BIOS-provided physical RAM map:
Mar 12 20:00:01 localhost kernel: BIOS-e820: [mem 0x0000000000000000-0x000000000009fbff] usable
Mar 12 20:00:01 localhost kernel: BIOS-e820: [mem 0x000000000009fc00-0x000000000009ffff] reserved
Mar 12 20:00:01 localhost kernel: BIOS-e820: [mem 0x00000000000f0000-0x00000000000fffff] reserved
#

find / -name auth.log

awk { print $5, $6, $7, $9} /var/log/auth.log | sed s/[[^]]*]//g | sort | uniq
#
Accepted publickey for root from 172.16.8.2 port 33778 ssh2RSA SHA256:BUNp0DUVR14DWDz6ZELCE3as+1rkJH84NbswmOc/HiM
Accepted publickey for root from 172.16.8.2 port 33838 ssh2RSA SHA256:BUNp0DUVR14DWDz6ZELCE3as+1rkJH84NbswmOc/HiM
Accepted publickey for root from 172.16.8.2 port 33852 ssh2RSA SHA256:BUNp0DUVR14DWDz6ZELCE3as+1rkJH84NbswmOc/HiM
Accepted publickey for root from 172.16.8.2 port 34018 ssh2RSA SHA256:BUNp0DUVR14DWDz6ZELCE3as+1rkJH84NbswmOc/HiM
Accepted publickey for root from 172.16.8.2 port 34636 ssh2RSA SHA256:BUNp0DUVR14DWDz6ZELCE3as+1rkJH84NbswmOc/HiM
Accepted publickey for root from 172.16.8.2 port 34652 ssh2RSA SHA256:BUNp0DUVR14DWDz6ZELCE3as+1rkJH84NbswmOc/HiM
Accepted publickey for root from 172.16.8.2 port 35546 ssh2RSA SHA256:BUNp0DUVR14DWDz6ZELCE3as+1rkJH84NbswmOc/HiM
Accepted publickey for root from 172.16.8.2 port 42396 ssh2RSA SHA256:BUNp0DUVR14DWDz6ZELCE3as+1rkJH84NbswmOc/HiM
Accepted publickey for root from 172.16.8.2 port 43848 ssh2RSA SHA256:BUNp0DUVR14DWDz6ZELCE3as+1rkJH84NbswmOc/HiM

#
awk '{ print substr($5, 1, index($5, "[")-1), $7 , $8, $9}' /var/log/auth.log | sed 's/\[[^]]*\]//g' | sort | uniq -c | sort -nr
#
   864  for user root(uid=0)
    856  for user root
     29  root from 172.16.8.2
     29  of user root.
     29
     27  root 172.16.8.2 port
     27  out. Waiting for
      3  ; PWD=/root ;
      2  for user user1(uid=1001)
      2  for user user1
      1  on pts/3
      1  on pts/0
      1  logname=root uid=1001 euid=0
      1  for user3
      1  for user2
      1  for user1
#

dmesg | grep kernel

#
[    0.042165] Booting paravirtualized kernel on KVM
[    0.043325] Unknown kernel command line parameters "BOOT_IMAGE=/vmlinuz-6.8.0-55-generic", will be passed to user space.
[    0.101195] Memory: 3933488K/4193760K available (22528K kernel code, 4443K rwdata, 14344K rodata, 4988K init, 4716K bss, 260012K reserved, 0K cma-reserved)
[    0.526075] Loaded X.509 cert 'Build time autogenerated kernel key: e0bedf6fa049a1e09bd65ebab3904f14cdd5bc68'
[    0.695429] Loaded X.509 cert 'Build time autogenerated kernel key: e0bedf6fa049a1e09bd65ebab3904f14cdd5bc68'
[    0.714900] Freeing unused kernel image (initmem) memory: 4988K
[    0.715533] Write protecting the kernel read-only data: 38912k
[    0.716336] Freeing unused kernel image (rodata/data gap) memory: 2040K
[    5.714469] systemd[1]: Listening on systemd-udevd-kernel.socket - udev Kernel Socket.
[    5.725588] systemd[1]: Mounting sys-kernel-debug.mount - Kernel Debug File System...
[    5.729085] systemd[1]: Mounting sys-ernel-racing.mount - Kernel Trace File System...
#
wc -l /var/log/kern.log
#44 /var/log/kern.log
awk -F: '$7 == "/usr/sbin/nologin" { print $3, $1 }' /etc/passwd | sort -nr | while read uid user gid; do     groups=$(grep "$user" /etc/group | awk -F: '{print $1}' | tr '\n' ',' | sed 's/,$//');     echo "$uid, $user, $groups"; done

#
65534, nobody,
1003, user3, users,user3,NICK
998, systemd-network, systemd-network
997, systemd-timesync, systemd-timesync
992, systemd-resolve, systemd-resolve
991, polkitd, polkitd
989, fwupd-refresh, fwupd-refresh
109, sshd,
108, usbmux,
107, landscape, landscape
105, tcpdump, tcpdump
104, uuidd, uuidd
103, syslog, adm,syslog
101, messagebus, messagebus
42, _apt,
39, irc, irc
38, list, list
34, backup, backup
33, www-data, www-data
13, proxy, proxy
10, uucp, uucp
9, news, news
8, mail, mail
7, lp, lp
6, man, man
5, games, games
3, sys, sys,adm,systemd-journal,systemd-network,systemd-timesync,systemd-resolve,syslog
2, bin, bin
1, daemon, daemon#
#

awk -F': ' '/Start-Date|End-Date|Commandline/{printf "%s: %s\n%s: %s\n%s: %s\n", "Commandline", $2, "Start-Date", $1, "End-Date", $2}' /var/log/apt/history.log
#
Commandline: 2025-02-16  20:51:22
Start-Date: Start-Date
End-Date: 2025-02-16  20:51:22
Commandline: apt-get install --reinstall apt
Start-Date: Commandline
End-Date: apt-get install --reinstall apt
Commandline: 2025-02-16  20:51:24
Start-Date: End-Date
End-Date: 2025-02-16  20:51:24
Commandline: 2025-02-16  20:51:26
Start-Date: Start-Date
End-Date: 2025-02-16  20:51:26
Commandline: apt-get install --reinstall base-files
Start-Date: Commandline
End-Date: apt-get install --reinstall base-files
#
#
